20260205	17:32:29	b4d13774-804d-4679-9336-7aeaed42873d	ReferenceError:	 doc is not defined	GET	undefined	/fG22oigUVqtj4u9tLpG 20260205	17:56:58	e4bd904f-a582-44d6-9909-67fd97643761	TypeError:	 Cannot read properties of undefined (reading 'code')	DELETE	undefined	/fGfG22oigUVqtj4u9tLvpG 20260205	17:57:28	4355ac25-8c17-4642-96a6-a77aebb19a8c	TypeError:	 Cannot read properties of undefined (reading 'code')	DELETE	undefined	/fGfG22oigUVqtj4u9tLvpG 20260211	14:26:02	UhTHgDxz4diK0CrmaT5L	undefined:	 Document with id EZ4bVctn8sOa3e8HpSg does not exist	GET	undefined	/EZ4bVctn8sOa3e8HpSg
20260211	14:27:29	ewbmrC9kMLe6cAgILN9f	undefined:	 Document with id EZ4bVctn8sOa3e8HpSg does not exist	GET	undefined	/EZ4bVctn8sOa3e8HpSg
20260211	14:28:28	VF1pNViONRrl0NgeDfpf	undefined:	 Document with id EZ4bVctn8sOa3e8HpSg does not exist	GET	undefined	/EZ4bVctn8sOa3e8HpSg
20260211	14:33:48	RFaTG3lOS8SB5mAkED33	DocumentNotFoundError:	 Document with id EZ4bVctn8sOa3e8HpSg does not exist	GET	undefined	/EZ4bVctn8sOa3e8HpSg
20260211	15:21:48	1PkIKQp7szUEnPdaANUL	DocumentNotFoundError:	 Document with id EZ4bVctn8sOa3e8HpSg does not exist	GET	undefined	/EZ4bVctn8sOa3e8HpSg
20260211	15:38:31	yy8uNo52X9fqw6x8eyHO	Error:	 9 FAILED_PRECONDITION: The query requires an index. You can create it here: https://console.firebase.google.com/v1/r/project/notes-simproj-04022026/firestore/indexes?create_composite=ClRwcm9qZWN0cy9ub3Rlcy1zaW1wcm9qLTA0MDIyMDI2L2RhdGFiYXNlcy8oZGVmYXVsdCkvY29sbGVjdGlvbkdyb3Vwcy9ub3Rlcy9pbmRleGVzL18QARoNCgljcmVhdGVkQXQQAhoMCghfX25hbWVfXxAB	GET	undefined	/
20260212	09:05:13	bwZNCLizRCZ0KzcStTQw	TypeError:	 Invalid status code: undefined. Status code must be an integer.	GET	undefined	/notes
20260212	09:05:41	ZXbAr04ynG2tB3SZ2HY0	TypeError:	 Invalid status code: undefined. Status code must be an integer.	GET	undefined	/notes
20260212	09:06:22	RQjplgicP0dAvO5PIaAB	TypeError:	 Invalid status code: undefined. Status code must be an integer.	GET	undefined	/notes
20260212	09:07:44	vBMfv6lB1BrEzTMwCkkY	TypeError:	 Invalid status code: undefined. Status code must be an integer.	GET	undefined	/notes
20260212	09:08:15	h62nSEA3OVq1k1qBIXPd	TypeError:	 Invalid status code: undefined. Status code must be an integer.	GET	undefined	/notes
20260212	09:09:12	J9frZnNhOKNRAIPbvDLB	TypeError:	 Invalid status code: undefined. Status code must be an integer.	GET	undefined	/notes
20260212	09:09:43	MTjH5oBdAETP69Jb3hnq	TypeError:	 Invalid status code: undefined. Status code must be an integer.	GET	undefined	/notes
20260212	09:15:53	DH49fdh6W9Dv7hC1qktx	TypeError:	 DocumentNotFoundError is not a constructor	PATCH	undefined	/notes/EZ4bVctn8sOa3Ief8HpSg
20260212	09:52:23	Nf0xEFF8Kj9gpa2TpxPx	Error:	 Update() requires either a single JavaScript object or an alternating list of field/value pairs that can be followed by an optional precondition. Value for argument "dataOrField" is not a valid Firestore value. Cannot use "undefined" as a Firestore value (found in field "content"). If you want to ignore undefined values, enable `ignoreUndefinedProperties`.	PATCH	undefined	/notes/njvlsNtjeTaxKmJIyoEN
20260414	14:41:42	IPjD3HRPKqngu6eQ9Awj	Error:	 Not allowed by CORS	GET	undefined	/notes?startDocId=P7VRh0KC5aggoXlciUKn&limit=2&asc=false
20260414	14:44:05	oEzTNbaHB7TAVci1I4w0	DocumentNotFoundError:	 Document with id P7VRh0KC5aggoXlciUKn does not exist	GET	undefined	/notes?startDocId=P7VRh0KC5aggoXlciUKn&limit=2&asc=false
20260414	14:54:11	HT8dn2lICpZ3YFNdpDSd	BadRequestError:	 [
  {
    "code": "invalid_value",
    "values": [
      "asc",
      "desc"
    ],
    "path": [
      "order"
    ],
    "message": "Invalid option: expected one of \"asc\"|\"desc\""
  }
]	GET	undefined	/notes?startDocId=P7VRh0KC5aggoXlciUKn&limit=2&order=%27bad%27
20260414	14:55:06	4YFVcGNK3xFtH4M7i6lj	BadRequestError:	 [
  {
    "code": "invalid_value",
    "values": [
      "asc",
      "desc"
    ],
    "path": [
      "order"
    ],
    "message": "Invalid option: expected one of \"asc\"|\"desc\""
  }
]	GET	undefined	/notes?startDocId=P7VRh0KC5aggoXlciUKn&limit=2&order=%27asc%27
20260414	14:55:44	cPVGYdafPRGDjqSQh0jl	BadRequestError:	 [
  {
    "code": "invalid_value",
    "values": [
      "asc",
      "desc"
    ],
    "path": [
      "order"
    ],
    "message": "Invalid option: expected one of \"asc\"|\"desc\""
  }
]	GET	undefined	/notes?startDocId=P7VRh0KC5aggoXlciUKn&limit=2&order=%27asc%27
20260414	14:55:48	rNLNSRau9qaN44XBJIH2	DocumentNotFoundError:	 Document with id P7VRh0KC5aggoXlciUKn does not exist	GET	undefined	/notes?startDocId=P7VRh0KC5aggoXlciUKn&limit=2&order=asc
20260414	15:02:24	hqvhvf1sTWz4naXZ6ZBV	DocumentNotFoundError:	 Document with id AkBkCJbEevonNa1l19S does not exist	GET	undefined	/notes/AkBkCJbEevonNa1l19S
20260414	15:08:19	jimGlflqlCVrzDOlJfx9	Error:	 Update() requires either a single JavaScript object or an alternating list of field/value pairs that can be followed by an optional precondition. Value for argument "dataOrField" is not a valid Firestore value. Cannot use "undefined" as a Firestore value (found in field "content"). If you want to ignore undefined values, enable `ignoreUndefinedProperties`.	PATCH	undefined	/notes/AkBkCJbEevonNa1l19VS
20260414	15:14:38	bcBrVxzGpLqi1rweyLwV	Error:	 Update() requires either a single JavaScript object or an alternating list of field/value pairs that can be followed by an optional precondition. Value for argument "dataOrField" is not a valid Firestore value. Cannot use "undefined" as a Firestore value (found in field "content"). If you want to ignore undefined values, enable `ignoreUndefinedProperties`.	PATCH	undefined	/notes/AkBkCJbEevonNa1l19VS
20260414	15:19:40	jnR2ztQjFaldWXJnZ4ck	DocumentNotFoundError:	 Document with id E3vvma9lAtfR5jXrmI0s does not exist	DELETE	undefined	/notes/E3vvma9lAtfR5jXrmI0s
